// Jest Snapshot v1, https://goo.gl/fbAQLP

exports[`Frequent answer should render 1`] = `
<div
  className="FrequentAnswer"
>
  <h1
    className="text-center mt-0"
  >
    Respuestas frecuentes
  </h1>
  <div>
    <p>
      <b>
        Cliengo detecta las preguntas más frecuentes que hacen los clientes.
      </b>
    </p>
    <p>
      Optimiza el diálogo con ellos, configurando respuestas a estas preguntas desde aquí.
    </p>
    <p>
      <a
        href="#"
      >
        Cómo configurar respuestas automáticas
      </a>
    </p>
  </div>
  <div
    className="row"
  />
</div>
`;
